[myu.helwan.edu.eg/index.html]
[myu.helwan.edu.eg/manifest.json]
[backblue.gif]
[fade.gif]
[index.html]
[myu.helwan.edu.eg/static/images/logo_icon.png]
[myu.helwan.edu.eg/static/images/icons/splash-640x1136.png]
[myu.helwan.edu.eg/static/images/icons/splash-750x1334.png]
[myu.helwan.edu.eg/static/images/icons/splash-1242x2208.png]
[myu.helwan.edu.eg/static/images/icons/splash-1125x2436.png]
[myu.helwan.edu.eg/static/images/icons/splash-828x1792.png]
[myu.helwan.edu.eg/static/images/icons/splash-1242x2688.png]
[myu.helwan.edu.eg/static/images/icons/splash-1536x2048.png]
[myu.helwan.edu.eg/static/images/icons/splash-1668x2224.png]
[myu.helwan.edu.eg/static/images/icons/splash-1668x2388.png]
[myu.helwan.edu.eg/static/images/icons/splash-2048x2732.png]
[myu.helwan.edu.eg/serviceworker.js]
[myu.helwan.edu.eg/static/plugins/humane/themes/original.css]
[myu.helwan.edu.eg/static/plugins/pace/pace.css]
[myu.helwan.edu.eg/static/plugins/fontawesome-6.5.1/css/all.min.css]
[myu.helwan.edu.eg/static/plugins/bootstrap4/css/bootstrap.min.css]
[myu.helwan.edu.eg/static/plugins/amaranjs/jquery.amaran.css]
[myu.helwan.edu.eg/static/plugins/amaranjs/theme/all-themes.css]
[myu.helwan.edu.eg/static/plugins/amaranjs/theme/awesome.css]
[myu.helwan.edu.eg/static/plugins/amaranjs/theme/default.css]
[myu.helwan.edu.eg/static/plugins/amaranjs/theme/blur.css]
[myu.helwan.edu.eg/static/plugins/amaranjs/theme/user.css]
[myu.helwan.edu.eg/static/plugins/amaranjs/theme/rounded.css]
[myu.helwan.edu.eg/static/plugins/amaranjs/theme/readmore.css]
[myu.helwan.edu.eg/static/plugins/amaranjs/theme/metro.css]
[myu.helwan.edu.eg/static/core/login.css]
[myu.helwan.edu.eg/static/core/bootstrap-switch/bootstrap-switch.css]
[myu.helwan.edu.eg/static/core/images/bg_168.jpg]
[myu.helwan.edu.eg/static/core/images/bg.jpg]
[myu.helwan.edu.eg/static/css/style.css]
[myu.helwan.edu.eg/static/css/responsive.css]
[myu.helwan.edu.eg/static/images/fav.ico]
[myu.helwan.edu.eg/static/core/logo.png]
[myu.helwan.edu.eg/static/images/ads/talent2.jpg]
[myu.helwan.edu.eg/ar/jsi18n/index.html]
[myu.helwan.edu.eg/static/js/lib/jquery-3.3.1.js]
[myu.helwan.edu.eg/static/js/lib/popper.min.js]
[myu.helwan.edu.eg/static/plugins/bootstrap4/js/bootstrap.min.js]
[myu.helwan.edu.eg/static/js/lib/jquery.easing.js]
[myu.helwan.edu.eg/static/plugins/pace/pace.min.js]
[myu.helwan.edu.eg/static/plugins/jquery-lang/js.cookie.js]
[myu.helwan.edu.eg/static/plugins/humane/humane.min.js]
[myu.helwan.edu.eg/static/plugins/amaranjs/jquery.amaran.js]
[myu.helwan.edu.eg/static/core/login.js]
[myu.helwan.edu.eg/static/core/bootstrap-switch/bootstrap-switch.min.js]
[myu.helwan.edu.eg/static/core/sjcl.js]
[myu.helwan.edu.eg/index.html]
[myu.helwan.edu.eg/images/logo_icon.html]
[myu.helwan.edu.eg/static/plugins/humane/themes/original.css]
[myu.helwan.edu.eg/static/plugins/pace/pace.css]
[myu.helwan.edu.eg/static/plugins/fontawesome-6.5.1/webfonts/fa-brands-400.woff2]
[myu.helwan.edu.eg/static/plugins/fontawesome-6.5.1/webfonts/fa-brands-400.ttf]
[myu.helwan.edu.eg/static/plugins/fontawesome-6.5.1/webfonts/fa-regular-400.woff2]
[myu.helwan.edu.eg/static/plugins/fontawesome-6.5.1/webfonts/fa-regular-400.ttf]
[myu.helwan.edu.eg/static/plugins/fontawesome-6.5.1/webfonts/fa-solid-900.woff2]
[myu.helwan.edu.eg/static/plugins/fontawesome-6.5.1/webfonts/fa-solid-900.ttf]
[myu.helwan.edu.eg/static/plugins/fontawesome-6.5.1/webfonts/fa-v4compatibility.woff2]
[myu.helwan.edu.eg/static/plugins/fontawesome-6.5.1/webfonts/fa-v4compatibility.ttf]
[myu.helwan.edu.eg/static/plugins/fontawesome-6.5.1/css/all.min.css]
[myu.helwan.edu.eg/static/plugins/bootstrap4/css/bootstrap.min.css]
[myu.helwan.edu.eg/static/plugins/amaranjs/jquery.amaran.css]
[myu.helwan.edu.eg/static/plugins/amaranjs/theme/all-themes.css]
[myu.helwan.edu.eg/static/plugins/amaranjs/theme/awesome.css]
[myu.helwan.edu.eg/static/plugins/amaranjs/theme/default.css]
[myu.helwan.edu.eg/static/plugins/amaranjs/theme/blur.css]
[myu.helwan.edu.eg/static/plugins/amaranjs/theme/user.css]
[myu.helwan.edu.eg/static/plugins/amaranjs/theme/rounded.css]
[myu.helwan.edu.eg/static/plugins/amaranjs/theme/readmore.css]
[myu.helwan.edu.eg/static/plugins/amaranjs/theme/metro.css]
[myu.helwan.edu.eg/static/core/login.css]
[myu.helwan.edu.eg/static/core/bootstrap-switch/bootstrap-switch.css]
[myu.helwan.edu.eg/static/fonts/K2F0fZBRmr9vQ1pHEey6MoiAAhLz.woff2]
[myu.helwan.edu.eg/static/fonts/K2F0fZBRmr9vQ1pHEey6MomAAhLz.woff2]
[myu.helwan.edu.eg/static/fonts/K2F0fZBRmr9vQ1pHEey6Mo2AAg.woff2]
[myu.helwan.edu.eg/static/images/b.png]
[myu.helwan.edu.eg/static/images/search-icon.png]
[myu.helwan.edu.eg/static/css/style.css]
[myu.helwan.edu.eg/static/css/responsive.css]
